Archive member included to satisfy reference by file (symbol)

c:/program files (x86)/atmel/studio/7.0/toolchain/avr8/avr8-gnu-toolchain/bin/../lib/gcc/avr/5.4.0/../../../../avr/lib/avr5\libm.a(floatsisf.o)
                              plc/Board/McuDriver/m328pb/source/adc.o (__floatunsisf)
c:/program files (x86)/atmel/studio/7.0/toolchain/avr8/avr8-gnu-toolchain/bin/../lib/gcc/avr/5.4.0/../../../../avr/lib/avr5\libm.a(mulsf3.o)
                              plc/Board/McuDriver/m328pb/source/adc.o (__mulsf3)
c:/program files (x86)/atmel/studio/7.0/toolchain/avr8/avr8-gnu-toolchain/bin/../lib/gcc/avr/5.4.0/../../../../avr/lib/avr5\libm.a(mulsf3x.o)
                              c:/program files (x86)/atmel/studio/7.0/toolchain/avr8/avr8-gnu-toolchain/bin/../lib/gcc/avr/5.4.0/../../../../avr/lib/avr5\libm.a(mulsf3.o) (__mulsf3x)
c:/program files (x86)/atmel/studio/7.0/toolchain/avr8/avr8-gnu-toolchain/bin/../lib/gcc/avr/5.4.0/../../../../avr/lib/avr5\libm.a(fp_inf.o)
                              c:/program files (x86)/atmel/studio/7.0/toolchain/avr8/avr8-gnu-toolchain/bin/../lib/gcc/avr/5.4.0/../../../../avr/lib/avr5\libm.a(mulsf3x.o) (__fp_inf)
c:/program files (x86)/atmel/studio/7.0/toolchain/avr8/avr8-gnu-toolchain/bin/../lib/gcc/avr/5.4.0/../../../../avr/lib/avr5\libm.a(fp_nan.o)
                              c:/program files (x86)/atmel/studio/7.0/toolchain/avr8/avr8-gnu-toolchain/bin/../lib/gcc/avr/5.4.0/../../../../avr/lib/avr5\libm.a(mulsf3x.o) (__fp_nan)
c:/program files (x86)/atmel/studio/7.0/toolchain/avr8/avr8-gnu-toolchain/bin/../lib/gcc/avr/5.4.0/../../../../avr/lib/avr5\libm.a(fp_pscA.o)
                              c:/program files (x86)/atmel/studio/7.0/toolchain/avr8/avr8-gnu-toolchain/bin/../lib/gcc/avr/5.4.0/../../../../avr/lib/avr5\libm.a(mulsf3x.o) (__fp_pscA)
c:/program files (x86)/atmel/studio/7.0/toolchain/avr8/avr8-gnu-toolchain/bin/../lib/gcc/avr/5.4.0/../../../../avr/lib/avr5\libm.a(fp_pscB.o)
                              c:/program files (x86)/atmel/studio/7.0/toolchain/avr8/avr8-gnu-toolchain/bin/../lib/gcc/avr/5.4.0/../../../../avr/lib/avr5\libm.a(mulsf3x.o) (__fp_pscB)
c:/program files (x86)/atmel/studio/7.0/toolchain/avr8/avr8-gnu-toolchain/bin/../lib/gcc/avr/5.4.0/../../../../avr/lib/avr5\libm.a(fp_round.o)
                              c:/program files (x86)/atmel/studio/7.0/toolchain/avr8/avr8-gnu-toolchain/bin/../lib/gcc/avr/5.4.0/../../../../avr/lib/avr5\libm.a(mulsf3.o) (__fp_round)
c:/program files (x86)/atmel/studio/7.0/toolchain/avr8/avr8-gnu-toolchain/bin/../lib/gcc/avr/5.4.0/../../../../avr/lib/avr5\libm.a(fp_split3.o)
                              c:/program files (x86)/atmel/studio/7.0/toolchain/avr8/avr8-gnu-toolchain/bin/../lib/gcc/avr/5.4.0/../../../../avr/lib/avr5\libm.a(mulsf3x.o) (__fp_split3)
c:/program files (x86)/atmel/studio/7.0/toolchain/avr8/avr8-gnu-toolchain/bin/../lib/gcc/avr/5.4.0/../../../../avr/lib/avr5\libm.a(fp_zero.o)
                              c:/program files (x86)/atmel/studio/7.0/toolchain/avr8/avr8-gnu-toolchain/bin/../lib/gcc/avr/5.4.0/../../../../avr/lib/avr5\libm.a(mulsf3x.o) (__fp_szero)
c:/program files (x86)/atmel/studio/7.0/toolchain/avr8/avr8-gnu-toolchain/bin/../lib/gcc/avr/5.4.0/avr5\libgcc.a(_udivmodsi4.o)
                              plc/Board/McuDriver/m328pb/source/i2c.o (__udivmodsi4)
c:/program files (x86)/atmel/studio/7.0/toolchain/avr8/avr8-gnu-toolchain/bin/../lib/gcc/avr/5.4.0/avr5\libgcc.a(_exit.o)
                              C:/Program Files (x86)/Atmel/Studio/7.0/Packs/atmel/ATmega_DFP/1.2.209/gcc/dev/atmega328pb/avr5/crtatmega328pb.o (exit)
c:/program files (x86)/atmel/studio/7.0/toolchain/avr8/avr8-gnu-toolchain/bin/../lib/gcc/avr/5.4.0/avr5\libgcc.a(_clear_bss.o)
                              main.o (__do_clear_bss)

Allocating common symbols
Common symbol       size              file

watchdog_pointer_function
                    0x2               plc/Board/McuDriver/m328pb/source/watchdog.o
Input_data          0x2               main.o
Output_data         0x2               main.o

Discarded input sections

 .data          0x00000000        0x0 C:/Program Files (x86)/Atmel/Studio/7.0/Packs/atmel/ATmega_DFP/1.2.209/gcc/dev/atmega328pb/avr5/crtatmega328pb.o
 .bss           0x00000000        0x0 C:/Program Files (x86)/Atmel/Studio/7.0/Packs/atmel/ATmega_DFP/1.2.209/gcc/dev/atmega328pb/avr5/crtatmega328pb.o
 .text          0x00000000        0x0 main.o
 .data          0x00000000        0x0 main.o
 .bss           0x00000000        0x0 main.o
 .bss.x         0x00000000        0x1 main.o
 .text          0x00000000        0x0 plc/Board/ChipDriver/source/Analog_interface.o
 .data          0x00000000        0x0 plc/Board/ChipDriver/source/Analog_interface.o
 .bss           0x00000000        0x0 plc/Board/ChipDriver/source/Analog_interface.o
 .text.Analog_interface_Read_voltage
                0x00000000        0x6 plc/Board/ChipDriver/source/Analog_interface.o
 .text          0x00000000        0x0 plc/Board/ChipDriver/source/ch340.o
 .data          0x00000000        0x0 plc/Board/ChipDriver/source/ch340.o
 .bss           0x00000000        0x0 plc/Board/ChipDriver/source/ch340.o
 .text.ch340_write
                0x00000000        0xc plc/Board/ChipDriver/source/ch340.o
 .text.ch340_write_text
                0x00000000       0x2a plc/Board/ChipDriver/source/ch340.o
 .text.ch340_read_byte
                0x00000000        0xa plc/Board/ChipDriver/source/ch340.o
 .text.ch340_data_ready
                0x00000000        0xa plc/Board/ChipDriver/source/ch340.o
 .text          0x00000000        0x0 plc/Board/ChipDriver/source/chip_driver.o
 .data          0x00000000        0x0 plc/Board/ChipDriver/source/chip_driver.o
 .bss           0x00000000        0x0 plc/Board/ChipDriver/source/chip_driver.o
 .text          0x00000000        0x0 plc/Board/ChipDriver/source/input_interface.o
 .data          0x00000000        0x0 plc/Board/ChipDriver/source/input_interface.o
 .bss           0x00000000        0x0 plc/Board/ChipDriver/source/input_interface.o
 .text          0x00000000        0x0 plc/Board/ChipDriver/source/Output_interface.o
 .data          0x00000000        0x0 plc/Board/ChipDriver/source/Output_interface.o
 .bss           0x00000000        0x0 plc/Board/ChipDriver/source/Output_interface.o
 .text          0x00000000        0x0 plc/Board/McuDriver/m328pb/source/adc.o
 .data          0x00000000        0x0 plc/Board/McuDriver/m328pb/source/adc.o
 .bss           0x00000000        0x0 plc/Board/McuDriver/m328pb/source/adc.o
 .text.adc_read_value
                0x00000000       0x2e plc/Board/McuDriver/m328pb/source/adc.o
 .text.adc_read_voltage
                0x00000000       0x28 plc/Board/McuDriver/m328pb/source/adc.o
 .text.adc_read_all_voltage
                0x00000000       0x38 plc/Board/McuDriver/m328pb/source/adc.o
 .text          0x00000000        0x0 plc/Board/McuDriver/m328pb/source/Driver_m328pb.o
 .data          0x00000000        0x0 plc/Board/McuDriver/m328pb/source/Driver_m328pb.o
 .bss           0x00000000        0x0 plc/Board/McuDriver/m328pb/source/Driver_m328pb.o
 .text          0x00000000        0x0 plc/Board/McuDriver/m328pb/source/i2c.o
 .data          0x00000000        0x0 plc/Board/McuDriver/m328pb/source/i2c.o
 .bss           0x00000000        0x0 plc/Board/McuDriver/m328pb/source/i2c.o
 .text.I2C_Start
                0x00000000       0x12 plc/Board/McuDriver/m328pb/source/i2c.o
 .text.I2C_Repeated_Start
                0x00000000        0x6 plc/Board/McuDriver/m328pb/source/i2c.o
 .text.I2C_Write
                0x00000000       0x16 plc/Board/McuDriver/m328pb/source/i2c.o
 .text.I2C_Read
                0x00000000       0x22 plc/Board/McuDriver/m328pb/source/i2c.o
 .text.I2C_Stop
                0x00000000       0x12 plc/Board/McuDriver/m328pb/source/i2c.o
 .text.I2C_check_device
                0x00000000       0x28 plc/Board/McuDriver/m328pb/source/i2c.o
 .text          0x00000000        0x0 plc/Board/McuDriver/m328pb/source/port.o
 .data          0x00000000        0x0 plc/Board/McuDriver/m328pb/source/port.o
 .bss           0x00000000        0x0 plc/Board/McuDriver/m328pb/source/port.o
 .text.gpio_toggle_pin
                0x00000000       0x1a plc/Board/McuDriver/m328pb/source/port.o
 .text.gpio_port_write
                0x00000000        0x8 plc/Board/McuDriver/m328pb/source/port.o
 .text.gpio_port_read
                0x00000000        0x8 plc/Board/McuDriver/m328pb/source/port.o
 .text          0x00000000        0x0 plc/Board/McuDriver/m328pb/source/spi.o
 .data          0x00000000        0x0 plc/Board/McuDriver/m328pb/source/spi.o
 .bss           0x00000000        0x0 plc/Board/McuDriver/m328pb/source/spi.o
 .text.spi_write_byte
                0x00000000        0xc plc/Board/McuDriver/m328pb/source/spi.o
 .text.spi_write_tampon
                0x00000000       0x30 plc/Board/McuDriver/m328pb/source/spi.o
 .text          0x00000000        0x0 plc/Board/McuDriver/m328pb/source/timer.o
 .data          0x00000000        0x0 plc/Board/McuDriver/m328pb/source/timer.o
 .bss           0x00000000        0x0 plc/Board/McuDriver/m328pb/source/timer.o
 .text.timer_execute_configuration
                0x00000000      0x10e plc/Board/McuDriver/m328pb/source/timer.o
 .text.timer_callback
                0x00000000       0x2a plc/Board/McuDriver/m328pb/source/timer.o
 .text          0x00000000        0x0 plc/Board/McuDriver/m328pb/source/usart.o
 .data          0x00000000        0x0 plc/Board/McuDriver/m328pb/source/usart.o
 .bss           0x00000000        0x0 plc/Board/McuDriver/m328pb/source/usart.o
 .text.usart_write_data
                0x00000000        0xe plc/Board/McuDriver/m328pb/source/usart.o
 .text.usart_read_data
                0x00000000        0x6 plc/Board/McuDriver/m328pb/source/usart.o
 .text.usart_write_text
                0x00000000       0x7c plc/Board/McuDriver/m328pb/source/usart.o
 .text.usart_data_ready
                0x00000000        0xc plc/Board/McuDriver/m328pb/source/usart.o
 .text.usart_callback_add_register
                0x00000000       0x3a plc/Board/McuDriver/m328pb/source/usart.o
 .text          0x00000000        0x0 plc/Board/McuDriver/m328pb/source/watchdog.o
 .data          0x00000000        0x0 plc/Board/McuDriver/m328pb/source/watchdog.o
 .bss           0x00000000        0x0 plc/Board/McuDriver/m328pb/source/watchdog.o
 .text.watchdog_callback
                0x00000000        0xc plc/Board/McuDriver/m328pb/source/watchdog.o
 .text.watchdog_execute_configuration
                0x00000000       0x9c plc/Board/McuDriver/m328pb/source/watchdog.o
 .text          0x00000000        0x0 plc/plc.o
 .data          0x00000000        0x0 plc/plc.o
 .bss           0x00000000        0x0 plc/plc.o
 .text.plc_read_input
                0x00000000       0x12 plc/plc.o
 .text.plc_read_analog
                0x00000000       0x3a plc/plc.o
 .text.plc_write_output
                0x00000000        0x6 plc/plc.o
 .text.plc_RS232_write_buffer
                0x00000000        0x6 plc/plc.o
 .text.plc_RS232_read_data
                0x00000000        0x6 plc/plc.o
 .text.plc_RS232_data_ready
                0x00000000       0x10 plc/plc.o
 .text          0x00000000        0x0 c:/program files (x86)/atmel/studio/7.0/toolchain/avr8/avr8-gnu-toolchain/bin/../lib/gcc/avr/5.4.0/../../../../avr/lib/avr5\libm.a(floatsisf.o)
 .data          0x00000000        0x0 c:/program files (x86)/atmel/studio/7.0/toolchain/avr8/avr8-gnu-toolchain/bin/../lib/gcc/avr/5.4.0/../../../../avr/lib/avr5\libm.a(floatsisf.o)
 .bss           0x00000000        0x0 c:/program files (x86)/atmel/studio/7.0/toolchain/avr8/avr8-gnu-toolchain/bin/../lib/gcc/avr/5.4.0/../../../../avr/lib/avr5\libm.a(floatsisf.o)
 .text.avr-libc.fplib
                0x00000000       0x7a c:/program files (x86)/atmel/studio/7.0/toolchain/avr8/avr8-gnu-toolchain/bin/../lib/gcc/avr/5.4.0/../../../../avr/lib/avr5\libm.a(floatsisf.o)
 .text          0x00000000        0x0 c:/program files (x86)/atmel/studio/7.0/toolchain/avr8/avr8-gnu-toolchain/bin/../lib/gcc/avr/5.4.0/../../../../avr/lib/avr5\libm.a(mulsf3.o)
 .data          0x00000000        0x0 c:/program files (x86)/atmel/studio/7.0/toolchain/avr8/avr8-gnu-toolchain/bin/../lib/gcc/avr/5.4.0/../../../../avr/lib/avr5\libm.a(mulsf3.o)
 .bss           0x00000000        0x0 c:/program files (x86)/atmel/studio/7.0/toolchain/avr8/avr8-gnu-toolchain/bin/../lib/gcc/avr/5.4.0/../../../../avr/lib/avr5\libm.a(mulsf3.o)
 .text.avr-libc.fplib
                0x00000000        0x8 c:/program files (x86)/atmel/studio/7.0/toolchain/avr8/avr8-gnu-toolchain/bin/../lib/gcc/avr/5.4.0/../../../../avr/lib/avr5\libm.a(mulsf3.o)
 .text          0x00000000        0x0 c:/program files (x86)/atmel/studio/7.0/toolchain/avr8/avr8-gnu-toolchain/bin/../lib/gcc/avr/5.4.0/../../../../avr/lib/avr5\libm.a(mulsf3x.o)
 .data          0x00000000        0x0 c:/program files (x86)/atmel/studio/7.0/toolchain/avr8/avr8-gnu-toolchain/bin/../lib/gcc/avr/5.4.0/../../../../avr/lib/avr5\libm.a(mulsf3x.o)
 .bss           0x00000000        0x0 c:/program files (x86)/atmel/studio/7.0/toolchain/avr8/avr8-gnu-toolchain/bin/../lib/gcc/avr/5.4.0/../../../../avr/lib/avr5\libm.a(mulsf3x.o)
 .text.avr-libc.fplib
                0x00000000       0xd2 c:/program files (x86)/atmel/studio/7.0/toolchain/avr8/avr8-gnu-toolchain/bin/../lib/gcc/avr/5.4.0/../../../../avr/lib/avr5\libm.a(mulsf3x.o)
 .text          0x00000000        0x0 c:/program files (x86)/atmel/studio/7.0/toolchain/avr8/avr8-gnu-toolchain/bin/../lib/gcc/avr/5.4.0/../../../../avr/lib/avr5\libm.a(fp_inf.o)
 .data          0x00000000        0x0 c:/program files (x86)/atmel/studio/7.0/toolchain/avr8/avr8-gnu-toolchain/bin/../lib/gcc/avr/5.4.0/../../../../avr/lib/avr5\libm.a(fp_inf.o)
 .bss           0x00000000        0x0 c:/program files (x86)/atmel/studio/7.0/toolchain/avr8/avr8-gnu-toolchain/bin/../lib/gcc/avr/5.4.0/../../../../avr/lib/avr5\libm.a(fp_inf.o)
 .text.avr-libc.fplib
                0x00000000        0xc c:/program files (x86)/atmel/studio/7.0/toolchain/avr8/avr8-gnu-toolchain/bin/../lib/gcc/avr/5.4.0/../../../../avr/lib/avr5\libm.a(fp_inf.o)
 .text          0x00000000        0x0 c:/program files (x86)/atmel/studio/7.0/toolchain/avr8/avr8-gnu-toolchain/bin/../lib/gcc/avr/5.4.0/../../../../avr/lib/avr5\libm.a(fp_nan.o)
 .data          0x00000000        0x0 c:/program files (x86)/atmel/studio/7.0/toolchain/avr8/avr8-gnu-toolchain/bin/../lib/gcc/avr/5.4.0/../../../../avr/lib/avr5\libm.a(fp_nan.o)
 .bss           0x00000000        0x0 c:/program files (x86)/atmel/studio/7.0/toolchain/avr8/avr8-gnu-toolchain/bin/../lib/gcc/avr/5.4.0/../../../../avr/lib/avr5\libm.a(fp_nan.o)
 .text.avr-libc.fplib
                0x00000000        0x6 c:/program files (x86)/atmel/studio/7.0/toolchain/avr8/avr8-gnu-toolchain/bin/../lib/gcc/avr/5.4.0/../../../../avr/lib/avr5\libm.a(fp_nan.o)
 .text          0x00000000        0x0 c:/program files (x86)/atmel/studio/7.0/toolchain/avr8/avr8-gnu-toolchain/bin/../lib/gcc/avr/5.4.0/../../../../avr/lib/avr5\libm.a(fp_pscA.o)
 .data          0x00000000        0x0 c:/program files (x86)/atmel/studio/7.0/toolchain/avr8/avr8-gnu-toolchain/bin/../lib/gcc/avr/5.4.0/../../../../avr/lib/avr5\libm.a(fp_pscA.o)
 .bss           0x00000000        0x0 c:/program files (x86)/atmel/studio/7.0/toolchain/avr8/avr8-gnu-toolchain/bin/../lib/gcc/avr/5.4.0/../../../../avr/lib/avr5\libm.a(fp_pscA.o)
 .text.avr-libc.fplib
                0x00000000        0xe c:/program files (x86)/atmel/studio/7.0/toolchain/avr8/avr8-gnu-toolchain/bin/../lib/gcc/avr/5.4.0/../../../../avr/lib/avr5\libm.a(fp_pscA.o)
 .text          0x00000000        0x0 c:/program files (x86)/atmel/studio/7.0/toolchain/avr8/avr8-gnu-toolchain/bin/../lib/gcc/avr/5.4.0/../../../../avr/lib/avr5\libm.a(fp_pscB.o)
 .data          0x00000000        0x0 c:/program files (x86)/atmel/studio/7.0/toolchain/avr8/avr8-gnu-toolchain/bin/../lib/gcc/avr/5.4.0/../../../../avr/lib/avr5\libm.a(fp_pscB.o)
 .bss           0x00000000        0x0 c:/program files (x86)/atmel/studio/7.0/toolchain/avr8/avr8-gnu-toolchain/bin/../lib/gcc/avr/5.4.0/../../../../avr/lib/avr5\libm.a(fp_pscB.o)
 .text.avr-libc.fplib
                0x00000000        0xe c:/program files (x86)/atmel/studio/7.0/toolchain/avr8/avr8-gnu-toolchain/bin/../lib/gcc/avr/5.4.0/../../../../avr/lib/avr5\libm.a(fp_pscB.o)
 .text          0x00000000        0x0 c:/program files (x86)/atmel/studio/7.0/toolchain/avr8/avr8-gnu-toolchain/bin/../lib/gcc/avr/5.4.0/../../../../avr/lib/avr5\libm.a(fp_round.o)
 .data          0x00000000        0x0 c:/program files (x86)/atmel/studio/7.0/toolchain/avr8/avr8-gnu-toolchain/bin/../lib/gcc/avr/5.4.0/../../../../avr/lib/avr5\libm.a(fp_round.o)
 .bss           0x00000000        0x0 c:/program files (x86)/atmel/studio/7.0/toolchain/avr8/avr8-gnu-toolchain/bin/../lib/gcc/avr/5.4.0/../../../../avr/lib/avr5\libm.a(fp_round.o)
 .text.avr-libc.fplib
                0x00000000       0x22 c:/program files (x86)/atmel/studio/7.0/toolchain/avr8/avr8-gnu-toolchain/bin/../lib/gcc/avr/5.4.0/../../../../avr/lib/avr5\libm.a(fp_round.o)
 .text          0x00000000        0x0 c:/program files (x86)/atmel/studio/7.0/toolchain/avr8/avr8-gnu-toolchain/bin/../lib/gcc/avr/5.4.0/../../../../avr/lib/avr5\libm.a(fp_split3.o)
 .data          0x00000000        0x0 c:/program files (x86)/atmel/studio/7.0/toolchain/avr8/avr8-gnu-toolchain/bin/../lib/gcc/avr/5.4.0/../../../../avr/lib/avr5\libm.a(fp_split3.o)
 .bss           0x00000000        0x0 c:/program files (x86)/atmel/studio/7.0/toolchain/avr8/avr8-gnu-toolchain/bin/../lib/gcc/avr/5.4.0/../../../../avr/lib/avr5\libm.a(fp_split3.o)
 .text.avr-libc.fplib
                0x00000000       0x44 c:/program files (x86)/atmel/studio/7.0/toolchain/avr8/avr8-gnu-toolchain/bin/../lib/gcc/avr/5.4.0/../../../../avr/lib/avr5\libm.a(fp_split3.o)
 .text          0x00000000        0x0 c:/program files (x86)/atmel/studio/7.0/toolchain/avr8/avr8-gnu-toolchain/bin/../lib/gcc/avr/5.4.0/../../../../avr/lib/avr5\libm.a(fp_zero.o)
 .data          0x00000000        0x0 c:/program files (x86)/atmel/studio/7.0/toolchain/avr8/avr8-gnu-toolchain/bin/../lib/gcc/avr/5.4.0/../../../../avr/lib/avr5\libm.a(fp_zero.o)
 .bss           0x00000000        0x0 c:/program files (x86)/atmel/studio/7.0/toolchain/avr8/avr8-gnu-toolchain/bin/../lib/gcc/avr/5.4.0/../../../../avr/lib/avr5\libm.a(fp_zero.o)
 .text.avr-libc.fplib
                0x00000000        0xe c:/program files (x86)/atmel/studio/7.0/toolchain/avr8/avr8-gnu-toolchain/bin/../lib/gcc/avr/5.4.0/../../../../avr/lib/avr5\libm.a(fp_zero.o)
 .text          0x00000000        0x0 c:/program files (x86)/atmel/studio/7.0/toolchain/avr8/avr8-gnu-toolchain/bin/../lib/gcc/avr/5.4.0/avr5\libgcc.a(_udivmodsi4.o)
 .data          0x00000000        0x0 c:/program files (x86)/atmel/studio/7.0/toolchain/avr8/avr8-gnu-toolchain/bin/../lib/gcc/avr/5.4.0/avr5\libgcc.a(_udivmodsi4.o)
 .bss           0x00000000        0x0 c:/program files (x86)/atmel/studio/7.0/toolchain/avr8/avr8-gnu-toolchain/bin/../lib/gcc/avr/5.4.0/avr5\libgcc.a(_udivmodsi4.o)
 .text.libgcc.mul
                0x00000000        0x0 c:/program files (x86)/atmel/studio/7.0/toolchain/avr8/avr8-gnu-toolchain/bin/../lib/gcc/avr/5.4.0/avr5\libgcc.a(_udivmodsi4.o)
 .text.libgcc   0x00000000        0x0 c:/program files (x86)/atmel/studio/7.0/toolchain/avr8/avr8-gnu-toolchain/bin/../lib/gcc/avr/5.4.0/avr5\libgcc.a(_udivmodsi4.o)
 .text.libgcc.prologue
                0x00000000        0x0 c:/program files (x86)/atmel/studio/7.0/toolchain/avr8/avr8-gnu-toolchain/bin/../lib/gcc/avr/5.4.0/avr5\libgcc.a(_udivmodsi4.o)
 .text.libgcc.builtins
                0x00000000        0x0 c:/program files (x86)/atmel/studio/7.0/toolchain/avr8/avr8-gnu-toolchain/bin/../lib/gcc/avr/5.4.0/avr5\libgcc.a(_udivmodsi4.o)
 .text.libgcc.fmul
                0x00000000        0x0 c:/program files (x86)/atmel/studio/7.0/toolchain/avr8/avr8-gnu-toolchain/bin/../lib/gcc/avr/5.4.0/avr5\libgcc.a(_udivmodsi4.o)
 .text.libgcc.fixed
                0x00000000        0x0 c:/program files (x86)/atmel/studio/7.0/toolchain/avr8/avr8-gnu-toolchain/bin/../lib/gcc/avr/5.4.0/avr5\libgcc.a(_udivmodsi4.o)
 .text          0x00000000        0x0 c:/program files (x86)/atmel/studio/7.0/toolchain/avr8/avr8-gnu-toolchain/bin/../lib/gcc/avr/5.4.0/avr5\libgcc.a(_exit.o)
 .data          0x00000000        0x0 c:/program files (x86)/atmel/studio/7.0/toolchain/avr8/avr8-gnu-toolchain/bin/../lib/gcc/avr/5.4.0/avr5\libgcc.a(_exit.o)
 .bss           0x00000000        0x0 c:/program files (x86)/atmel/studio/7.0/toolchain/avr8/avr8-gnu-toolchain/bin/../lib/gcc/avr/5.4.0/avr5\libgcc.a(_exit.o)
 .text.libgcc.mul
                0x00000000        0x0 c:/program files (x86)/atmel/studio/7.0/toolchain/avr8/avr8-gnu-toolchain/bin/../lib/gcc/avr/5.4.0/avr5\libgcc.a(_exit.o)
 .text.libgcc.div
                0x00000000        0x0 c:/program files (x86)/atmel/studio/7.0/toolchain/avr8/avr8-gnu-toolchain/bin/../lib/gcc/avr/5.4.0/avr5\libgcc.a(_exit.o)
 .text.libgcc   0x00000000        0x0 c:/program files (x86)/atmel/studio/7.0/toolchain/avr8/avr8-gnu-toolchain/bin/../lib/gcc/avr/5.4.0/avr5\libgcc.a(_exit.o)
 .text.libgcc.prologue
                0x00000000        0x0 c:/program files (x86)/atmel/studio/7.0/toolchain/avr8/avr8-gnu-toolchain/bin/../lib/gcc/avr/5.4.0/avr5\libgcc.a(_exit.o)
 .text.libgcc.builtins
                0x00000000        0x0 c:/program files (x86)/atmel/studio/7.0/toolchain/avr8/avr8-gnu-toolchain/bin/../lib/gcc/avr/5.4.0/avr5\libgcc.a(_exit.o)
 .text.libgcc.fmul
                0x00000000        0x0 c:/program files (x86)/atmel/studio/7.0/toolchain/avr8/avr8-gnu-toolchain/bin/../lib/gcc/avr/5.4.0/avr5\libgcc.a(_exit.o)
 .text.libgcc.fixed
                0x00000000        0x0 c:/program files (x86)/atmel/studio/7.0/toolchain/avr8/avr8-gnu-toolchain/bin/../lib/gcc/avr/5.4.0/avr5\libgcc.a(_exit.o)
 .text          0x00000000        0x0 c:/program files (x86)/atmel/studio/7.0/toolchain/avr8/avr8-gnu-toolchain/bin/../lib/gcc/avr/5.4.0/avr5\libgcc.a(_clear_bss.o)
 .data          0x00000000        0x0 c:/program files (x86)/atmel/studio/7.0/toolchain/avr8/avr8-gnu-toolchain/bin/../lib/gcc/avr/5.4.0/avr5\libgcc.a(_clear_bss.o)
 .bss           0x00000000        0x0 c:/program files (x86)/atmel/studio/7.0/toolchain/avr8/avr8-gnu-toolchain/bin/../lib/gcc/avr/5.4.0/avr5\libgcc.a(_clear_bss.o)
 .text.libgcc.mul
                0x00000000        0x0 c:/program files (x86)/atmel/studio/7.0/toolchain/avr8/avr8-gnu-toolchain/bin/../lib/gcc/avr/5.4.0/avr5\libgcc.a(_clear_bss.o)
 .text.libgcc.div
                0x00000000        0x0 c:/program files (x86)/atmel/studio/7.0/toolchain/avr8/avr8-gnu-toolchain/bin/../lib/gcc/avr/5.4.0/avr5\libgcc.a(_clear_bss.o)
 .text.libgcc   0x00000000        0x0 c:/program files (x86)/atmel/studio/7.0/toolchain/avr8/avr8-gnu-toolchain/bin/../lib/gcc/avr/5.4.0/avr5\libgcc.a(_clear_bss.o)
 .text.libgcc.prologue
                0x00000000        0x0 c:/program files (x86)/atmel/studio/7.0/toolchain/avr8/avr8-gnu-toolchain/bin/../lib/gcc/avr/5.4.0/avr5\libgcc.a(_clear_bss.o)
 .text.libgcc.builtins
                0x00000000        0x0 c:/program files (x86)/atmel/studio/7.0/toolchain/avr8/avr8-gnu-toolchain/bin/../lib/gcc/avr/5.4.0/avr5\libgcc.a(_clear_bss.o)
 .text.libgcc.fmul
                0x00000000        0x0 c:/program files (x86)/atmel/studio/7.0/toolchain/avr8/avr8-gnu-toolchain/bin/../lib/gcc/avr/5.4.0/avr5\libgcc.a(_clear_bss.o)
 .text.libgcc.fixed
                0x00000000        0x0 c:/program files (x86)/atmel/studio/7.0/toolchain/avr8/avr8-gnu-toolchain/bin/../lib/gcc/avr/5.4.0/avr5\libgcc.a(_clear_bss.o)

Memory Configuration

Name             Origin             Length             Attributes
text             0x00000000         0x00020000         xr
data             0x00800060         0x0000ffa0         rw !x
eeprom           0x00810000         0x00010000         rw !x
fuse             0x00820000         0x00000003         rw !x
lock             0x00830000         0x00000400         rw !x
signature        0x00840000         0x00000400         rw !x
user_signatures  0x00850000         0x00000400         rw !x
*default*        0x00000000         0xffffffff

Linker script and memory map

Address of section .data set to 0x800100
LOAD C:/Program Files (x86)/Atmel/Studio/7.0/Packs/atmel/ATmega_DFP/1.2.209/gcc/dev/atmega328pb/avr5/crtatmega328pb.o
LOAD main.o
LOAD plc/Board/ChipDriver/source/Analog_interface.o
LOAD plc/Board/ChipDriver/source/ch340.o
LOAD plc/Board/ChipDriver/source/chip_driver.o
LOAD plc/Board/ChipDriver/source/input_interface.o
LOAD plc/Board/ChipDriver/source/Output_interface.o
LOAD plc/Board/McuDriver/m328pb/source/adc.o
LOAD plc/Board/McuDriver/m328pb/source/Driver_m328pb.o
LOAD plc/Board/McuDriver/m328pb/source/i2c.o
LOAD plc/Board/McuDriver/m328pb/source/port.o
LOAD plc/Board/McuDriver/m328pb/source/spi.o
LOAD plc/Board/McuDriver/m328pb/source/timer.o
LOAD plc/Board/McuDriver/m328pb/source/usart.o
LOAD plc/Board/McuDriver/m328pb/source/watchdog.o
LOAD plc/plc.o
START GROUP
LOAD c:/program files (x86)/atmel/studio/7.0/toolchain/avr8/avr8-gnu-toolchain/bin/../lib/gcc/avr/5.4.0/../../../../avr/lib/avr5\libm.a
END GROUP
START GROUP
LOAD c:/program files (x86)/atmel/studio/7.0/toolchain/avr8/avr8-gnu-toolchain/bin/../lib/gcc/avr/5.4.0/avr5\libgcc.a
LOAD c:/program files (x86)/atmel/studio/7.0/toolchain/avr8/avr8-gnu-toolchain/bin/../lib/gcc/avr/5.4.0/../../../../avr/lib/avr5\libm.a
LOAD c:/program files (x86)/atmel/studio/7.0/toolchain/avr8/avr8-gnu-toolchain/bin/../lib/gcc/avr/5.4.0/../../../../avr/lib/avr5\libc.a
LOAD C:/Program Files (x86)/Atmel/Studio/7.0/Packs/atmel/ATmega_DFP/1.2.209/gcc/dev/atmega328pb/avr5\libatmega328pb.a
END GROUP
                0x00000000                __TEXT_REGION_ORIGIN__ = DEFINED (__TEXT_REGION_ORIGIN__)?__TEXT_REGION_ORIGIN__:0x0
                0x00800060                __DATA_REGION_ORIGIN__ = DEFINED (__DATA_REGION_ORIGIN__)?__DATA_REGION_ORIGIN__:0x800060
                0x00020000                __TEXT_REGION_LENGTH__ = DEFINED (__TEXT_REGION_LENGTH__)?__TEXT_REGION_LENGTH__:0x20000
                0x0000ffa0                __DATA_REGION_LENGTH__ = DEFINED (__DATA_REGION_LENGTH__)?__DATA_REGION_LENGTH__:0xffa0
                0x00010000                __EEPROM_REGION_LENGTH__ = DEFINED (__EEPROM_REGION_LENGTH__)?__EEPROM_REGION_LENGTH__:0x10000
                [0x00000003]                __FUSE_REGION_LENGTH__ = DEFINED (__FUSE_REGION_LENGTH__)?__FUSE_REGION_LENGTH__:0x400
                0x00000400                __LOCK_REGION_LENGTH__ = DEFINED (__LOCK_REGION_LENGTH__)?__LOCK_REGION_LENGTH__:0x400
                0x00000400                __SIGNATURE_REGION_LENGTH__ = DEFINED (__SIGNATURE_REGION_LENGTH__)?__SIGNATURE_REGION_LENGTH__:0x400
                0x00000400                __USER_SIGNATURE_REGION_LENGTH__ = DEFINED (__USER_SIGNATURE_REGION_LENGTH__)?__USER_SIGNATURE_REGION_LENGTH__:0x400

.hash
 *(.hash)

.dynsym
 *(.dynsym)

.dynstr
 *(.dynstr)

.gnu.version
 *(.gnu.version)

.gnu.version_d
 *(.gnu.version_d)

.gnu.version_r
 *(.gnu.version_r)

.rel.init
 *(.rel.init)

.rela.init
 *(.rela.init)

.rel.text
 *(.rel.text)
 *(.rel.text.*)
 *(.rel.gnu.linkonce.t*)

.rela.text
 *(.rela.text)
 *(.rela.text.*)
 *(.rela.gnu.linkonce.t*)

.rel.fini
 *(.rel.fini)

.rela.fini
 *(.rela.fini)

.rel.rodata
 *(.rel.rodata)
 *(.rel.rodata.*)
 *(.rel.gnu.linkonce.r*)

.rela.rodata
 *(.rela.rodata)
 *(.rela.rodata.*)
 *(.rela.gnu.linkonce.r*)

.rel.data
 *(.rel.data)
 *(.rel.data.*)
 *(.rel.gnu.linkonce.d*)

.rela.data
 *(.rela.data)
 *(.rela.data.*)
 *(.rela.gnu.linkonce.d*)

.rel.ctors
 *(.rel.ctors)

.rela.ctors
 *(.rela.ctors)

.rel.dtors
 *(.rel.dtors)

.rela.dtors
 *(.rela.dtors)

.rel.got
 *(.rel.got)

.rela.got
 *(.rela.got)

.rel.bss
 *(.rel.bss)

.rela.bss
 *(.rela.bss)

.rel.plt
 *(.rel.plt)

.rela.plt
 *(.rela.plt)

.text           0x00000000      0xd96
 *(.vectors)
 .vectors       0x00000000       0xb4 C:/Program Files (x86)/Atmel/Studio/7.0/Packs/atmel/ATmega_DFP/1.2.209/gcc/dev/atmega328pb/avr5/crtatmega328pb.o
                0x00000000                __vector_default
                0x00000000                __vectors
 *(.vectors)
 *(.progmem.gcc*)
                0x000000b4                . = ALIGN (0x2)
                0x000000b4                __trampolines_start = .
 *(.trampolines)
 .trampolines   0x000000b4        0x0 linker stubs
 *(.trampolines*)
                0x000000b4                __trampolines_end = .
 *libprintf_flt.a:*(.progmem.data)
 *libc.a:*(.progmem.data)
 *(.progmem*)
                0x000000b4                . = ALIGN (0x2)
 *(.jumptables)
 *(.jumptables*)
 *(.lowtext)
 *(.lowtext*)
                0x000000b4                __ctors_start = .
 *(.ctors)
                0x000000b4                __ctors_end = .
                0x000000b4                __dtors_start = .
 *(.dtors)
                0x000000b4                __dtors_end = .
 SORT(*)(.ctors)
 SORT(*)(.dtors)
 *(.init0)
 .init0         0x000000b4        0x0 C:/Program Files (x86)/Atmel/Studio/7.0/Packs/atmel/ATmega_DFP/1.2.209/gcc/dev/atmega328pb/avr5/crtatmega328pb.o
                0x000000b4                __init
 *(.init0)
 *(.init1)
 *(.init1)
 *(.init2)
 .init2         0x000000b4        0xc C:/Program Files (x86)/Atmel/Studio/7.0/Packs/atmel/ATmega_DFP/1.2.209/gcc/dev/atmega328pb/avr5/crtatmega328pb.o
 *(.init2)
 *(.init3)
 *(.init3)
 *(.init4)
 .init4         0x000000c0       0x10 c:/program files (x86)/atmel/studio/7.0/toolchain/avr8/avr8-gnu-toolchain/bin/../lib/gcc/avr/5.4.0/avr5\libgcc.a(_clear_bss.o)
                0x000000c0                __do_clear_bss
 *(.init4)
 *(.init5)
 *(.init5)
 *(.init6)
 *(.init6)
 *(.init7)
 *(.init7)
 *(.init8)
 *(.init8)
 *(.init9)
 .init9         0x000000d0        0x8 C:/Program Files (x86)/Atmel/Studio/7.0/Packs/atmel/ATmega_DFP/1.2.209/gcc/dev/atmega328pb/avr5/crtatmega328pb.o
 *(.init9)
 *(.text)
 .text          0x000000d8        0x4 C:/Program Files (x86)/Atmel/Studio/7.0/Packs/atmel/ATmega_DFP/1.2.209/gcc/dev/atmega328pb/avr5/crtatmega328pb.o
                0x000000d8                __vector_38
                0x000000d8                __vector_22
                0x000000d8                __vector_1
                0x000000d8                __vector_32
                0x000000d8                __vector_34
                0x000000d8                __vector_24
                0x000000d8                __vector_12
                0x000000d8                __bad_interrupt
                0x000000d8                __vector_31
                0x000000d8                __vector_39
                0x000000d8                __vector_3
                0x000000d8                __vector_23
                0x000000d8                __vector_30
                0x000000d8                __vector_25
                0x000000d8                __vector_11
                0x000000d8                __vector_17
                0x000000d8                __vector_19
                0x000000d8                __vector_7
                0x000000d8                __vector_41
                0x000000d8                __vector_43
                0x000000d8                __vector_27
                0x000000d8                __vector_5
                0x000000d8                __vector_33
                0x000000d8                __vector_37
                0x000000d8                __vector_4
                0x000000d8                __vector_2
                0x000000d8                __vector_21
                0x000000d8                __vector_15
                0x000000d8                __vector_36
                0x000000d8                __vector_29
                0x000000d8                __vector_40
                0x000000d8                __vector_8
                0x000000d8                __vector_26
                0x000000d8                __vector_14
                0x000000d8                __vector_10
                0x000000d8                __vector_20
                0x000000d8                __vector_42
                0x000000dc                . = ALIGN (0x2)
 *(.text.*)
 .text.main     0x000000dc       0x7e main.o
                0x000000dc                main
 .text.Analog_interface_init
                0x0000015a        0x6 plc/Board/ChipDriver/source/Analog_interface.o
                0x0000015a                Analog_interface_init
 .text.ch340_driver_init
                0x00000160       0x50 plc/Board/ChipDriver/source/ch340.o
                0x00000160                ch340_driver_init
 .text.chip_driver_init
                0x000001b0       0x12 plc/Board/ChipDriver/source/chip_driver.o
                0x000001b0                chip_driver_init
 .text.Input_interface_init
                0x000001c2       0xdc plc/Board/ChipDriver/source/input_interface.o
                0x000001c2                Input_interface_init
 .text.Input_interface_read
                0x0000029e       0x68 plc/Board/ChipDriver/source/input_interface.o
                0x0000029e                Input_interface_read
 .text.Output_interface_init
                0x00000306       0x9e plc/Board/ChipDriver/source/Output_interface.o
                0x00000306                Output_interface_init
 .text.Output_interface_write
                0x000003a4       0x52 plc/Board/ChipDriver/source/Output_interface.o
                0x000003a4                Output_interface_write
 .text.adc_execute_configuration
                0x000003f6       0x28 plc/Board/McuDriver/m328pb/source/adc.o
                0x000003f6                adc_execute_configuration
 .text.Driver_m328pb_init
                0x0000041e       0x34 plc/Board/McuDriver/m328pb/source/Driver_m328pb.o
                0x0000041e                Driver_m328pb_init
 .text.i2c_execute_configuration
                0x00000452       0x3e plc/Board/McuDriver/m328pb/source/i2c.o
                0x00000452                i2c_execute_configuration
 .text.gpio_execute_configuration
                0x00000490      0x102 plc/Board/McuDriver/m328pb/source/port.o
                0x00000490                gpio_execute_configuration
 .text.gpio_write_pin
                0x00000592       0x54 plc/Board/McuDriver/m328pb/source/port.o
                0x00000592                gpio_write_pin
 .text.gpio_read_pin
                0x000005e6       0x28 plc/Board/McuDriver/m328pb/source/port.o
                0x000005e6                gpio_read_pin
 .text.spi_execute_configuration
                0x0000060e       0x56 plc/Board/McuDriver/m328pb/source/spi.o
                0x0000060e                spi_execute_configuration
 .text.__vector_16
                0x00000664       0xa4 plc/Board/McuDriver/m328pb/source/timer.o
                0x00000664                __vector_16
 .text.__vector_13
                0x00000708       0xae plc/Board/McuDriver/m328pb/source/timer.o
                0x00000708                __vector_13
 .text.__vector_9
                0x000007b6       0xa6 plc/Board/McuDriver/m328pb/source/timer.o
                0x000007b6                __vector_9
 .text.__vector_35
                0x0000085c       0xae plc/Board/McuDriver/m328pb/source/timer.o
                0x0000085c                __vector_35
 .text.__vector_44
                0x0000090a       0xae plc/Board/McuDriver/m328pb/source/timer.o
                0x0000090a                __vector_44
 .text.usart_execute_configuration
                0x000009b8      0x134 plc/Board/McuDriver/m328pb/source/usart.o
                0x000009b8                usart_execute_configuration
 .text.usart_callback_function
                0x00000aec        0x6 plc/Board/McuDriver/m328pb/source/usart.o
                0x00000aec                usart_callback_function
 .text.__vector_18
                0x00000af2       0x5a plc/Board/McuDriver/m328pb/source/usart.o
                0x00000af2                __vector_18
 .text.__vector_28
                0x00000b4c       0x5a plc/Board/McuDriver/m328pb/source/usart.o
                0x00000b4c                __vector_28
 .text.__vector_6
                0x00000ba6       0x50 plc/Board/McuDriver/m328pb/source/watchdog.o
                0x00000ba6                __vector_6
 .text.plc_init
                0x00000bf6       0x1a plc/plc.o
                0x00000bf6                plc_init
 .text.plc_read_rising_input
                0x00000c10       0x40 plc/plc.o
                0x00000c10                plc_read_rising_input
 .text.plc_read_all_input
                0x00000c50       0xae plc/plc.o
                0x00000c50                plc_read_all_input
 .text.plc_write_all_output
                0x00000cfe       0x50 plc/plc.o
                0x00000cfe                plc_write_all_output
 .text.libgcc.div
                0x00000d4e       0x44 c:/program files (x86)/atmel/studio/7.0/toolchain/avr8/avr8-gnu-toolchain/bin/../lib/gcc/avr/5.4.0/avr5\libgcc.a(_udivmodsi4.o)
                0x00000d4e                __udivmodsi4
                0x00000d92                . = ALIGN (0x2)
 *(.fini9)
 .fini9         0x00000d92        0x0 c:/program files (x86)/atmel/studio/7.0/toolchain/avr8/avr8-gnu-toolchain/bin/../lib/gcc/avr/5.4.0/avr5\libgcc.a(_exit.o)
                0x00000d92                _exit
                0x00000d92                exit
 *(.fini9)
 *(.fini8)
 *(.fini8)
 *(.fini7)
 *(.fini7)
 *(.fini6)
 *(.fini6)
 *(.fini5)
 *(.fini5)
 *(.fini4)
 *(.fini4)
 *(.fini3)
 *(.fini3)
 *(.fini2)
 *(.fini2)
 *(.fini1)
 *(.fini1)
 *(.fini0)
 .fini0         0x00000d92        0x4 c:/program files (x86)/atmel/studio/7.0/toolchain/avr8/avr8-gnu-toolchain/bin/../lib/gcc/avr/5.4.0/avr5\libgcc.a(_exit.o)
 *(.fini0)
                0x00000d96                _etext = .

.data           0x00800100        0x0 load address 0x00000d96
                [!provide]                PROVIDE (__data_start, .)
 *(.data)
 *(.data*)
 *(.gnu.linkonce.d*)
 *(.rodata)
 *(.rodata*)
 *(.gnu.linkonce.r*)
                0x00800100                . = ALIGN (0x2)
                0x00800100                _edata = .
                [!provide]                PROVIDE (__data_end, .)

.bss            0x00800100       0x57
                0x00800100                PROVIDE (__bss_start, .)
 *(.bss)
 *(.bss*)
 .bss._function_timer_register_
                0x00800100        0xc plc/Board/McuDriver/m328pb/source/timer.o
 .bss._timer_limit_
                0x0080010c       0x18 plc/Board/McuDriver/m328pb/source/timer.o
 .bss._preload_
                0x00800124        0xc plc/Board/McuDriver/m328pb/source/timer.o
 .bss._counter_timer_
                0x00800130       0x18 plc/Board/McuDriver/m328pb/source/timer.o
 .bss.function_register
                0x00800148        0x8 plc/Board/McuDriver/m328pb/source/usart.o
 .bss.old_status.2449
                0x00800150        0x1 plc/plc.o
 *(COMMON)
 COMMON         0x00800151        0x4 main.o
                0x00800151                Input_data
                0x00800153                Output_data
 COMMON         0x00800155        0x2 plc/Board/McuDriver/m328pb/source/watchdog.o
                0x00800155                watchdog_pointer_function
                0x00800157                PROVIDE (__bss_end, .)
                0x00000d96                __data_load_start = LOADADDR (.data)
                0x00000d96                __data_load_end = (__data_load_start + SIZEOF (.data))

.noinit         0x00800157        0x0
                [!provide]                PROVIDE (__noinit_start, .)
 *(.noinit*)
                [!provide]                PROVIDE (__noinit_end, .)
                0x00800157                _end = .
                [!provide]                PROVIDE (__heap_start, .)

.eeprom         0x00810000        0x0
 *(.eeprom*)
                0x00810000                __eeprom_end = .

.fuse
 *(.fuse)
 *(.lfuse)
 *(.hfuse)
 *(.efuse)

.lock
 *(.lock*)

.signature
 *(.signature*)

.user_signatures
 *(.user_signatures*)

.stab
 *(.stab)

.stabstr
 *(.stabstr)

.stab.excl
 *(.stab.excl)

.stab.exclstr
 *(.stab.exclstr)

.stab.index
 *(.stab.index)

.stab.indexstr
 *(.stab.indexstr)

.comment        0x00000000       0x60
 *(.comment)
 .comment       0x00000000       0x30 main.o
                                 0x31 (size before relaxing)
 .comment       0x00000030       0x30 plc/Board/ChipDriver/source/Analog_interface.o
                                 0x31 (size before relaxing)
 .comment       0x00000060       0x31 plc/Board/ChipDriver/source/ch340.o
 .comment       0x00000060       0x31 plc/Board/ChipDriver/source/chip_driver.o
 .comment       0x00000060       0x31 plc/Board/ChipDriver/source/input_interface.o
 .comment       0x00000060       0x31 plc/Board/ChipDriver/source/Output_interface.o
 .comment       0x00000060       0x31 plc/Board/McuDriver/m328pb/source/adc.o
 .comment       0x00000060       0x31 plc/Board/McuDriver/m328pb/source/Driver_m328pb.o
 .comment       0x00000060       0x31 plc/Board/McuDriver/m328pb/source/i2c.o
 .comment       0x00000060       0x31 plc/Board/McuDriver/m328pb/source/port.o
 .comment       0x00000060       0x31 plc/Board/McuDriver/m328pb/source/spi.o
 .comment       0x00000060       0x31 plc/Board/McuDriver/m328pb/source/timer.o
 .comment       0x00000060       0x31 plc/Board/McuDriver/m328pb/source/usart.o
 .comment       0x00000060       0x31 plc/Board/McuDriver/m328pb/source/watchdog.o
 .comment       0x00000060       0x31 plc/plc.o

.note.gnu.avr.deviceinfo
                0x00000000       0x40
 .note.gnu.avr.deviceinfo
                0x00000000       0x40 C:/Program Files (x86)/Atmel/Studio/7.0/Packs/atmel/ATmega_DFP/1.2.209/gcc/dev/atmega328pb/avr5/crtatmega328pb.o

.note.gnu.build-id
 *(.note.gnu.build-id)

.debug
 *(.debug)

.line
 *(.line)

.debug_srcinfo
 *(.debug_srcinfo)

.debug_sfnames
 *(.debug_sfnames)

.debug_aranges  0x00000000      0x360
 *(.debug_aranges)
 .debug_aranges
                0x00000000       0x20 main.o
 .debug_aranges
                0x00000020       0x28 plc/Board/ChipDriver/source/Analog_interface.o
 .debug_aranges
                0x00000048       0x40 plc/Board/ChipDriver/source/ch340.o
 .debug_aranges
                0x00000088       0x20 plc/Board/ChipDriver/source/chip_driver.o
 .debug_aranges
                0x000000a8       0x28 plc/Board/ChipDriver/source/input_interface.o
 .debug_aranges
                0x000000d0       0x28 plc/Board/ChipDriver/source/Output_interface.o
 .debug_aranges
                0x000000f8       0x38 plc/Board/McuDriver/m328pb/source/adc.o
 .debug_aranges
                0x00000130       0x20 plc/Board/McuDriver/m328pb/source/Driver_m328pb.o
 .debug_aranges
                0x00000150       0x50 plc/Board/McuDriver/m328pb/source/i2c.o
 .debug_aranges
                0x000001a0       0x48 plc/Board/McuDriver/m328pb/source/port.o
 .debug_aranges
                0x000001e8       0x30 plc/Board/McuDriver/m328pb/source/spi.o
 .debug_aranges
                0x00000218       0x50 plc/Board/McuDriver/m328pb/source/timer.o
 .debug_aranges
                0x00000268       0x60 plc/Board/McuDriver/m328pb/source/usart.o
 .debug_aranges
                0x000002c8       0x30 plc/Board/McuDriver/m328pb/source/watchdog.o
 .debug_aranges
                0x000002f8       0x68 plc/plc.o

.debug_pubnames
 *(.debug_pubnames)

.debug_info     0x00000000     0x2ac2
 *(.debug_info .gnu.linkonce.wi.*)
 .debug_info    0x00000000      0x8ea C:/Program Files (x86)/Atmel/Studio/7.0/Packs/atmel/ATmega_DFP/1.2.209/gcc/dev/atmega328pb/avr5/crtatmega328pb.o
 .debug_info    0x000008ea      0x15c main.o
 .debug_info    0x00000a46       0xf8 plc/Board/ChipDriver/source/Analog_interface.o
 .debug_info    0x00000b3e      0x31a plc/Board/ChipDriver/source/ch340.o
 .debug_info    0x00000e58       0xdc plc/Board/ChipDriver/source/chip_driver.o
 .debug_info    0x00000f34      0x2eb plc/Board/ChipDriver/source/input_interface.o
 .debug_info    0x0000121f      0x319 plc/Board/ChipDriver/source/Output_interface.o
 .debug_info    0x00001538      0x18b plc/Board/McuDriver/m328pb/source/adc.o
 .debug_info    0x000016c3      0x163 plc/Board/McuDriver/m328pb/source/Driver_m328pb.o
 .debug_info    0x00001826      0x1a1 plc/Board/McuDriver/m328pb/source/i2c.o
 .debug_info    0x000019c7      0x2c8 plc/Board/McuDriver/m328pb/source/port.o
 .debug_info    0x00001c8f      0x187 plc/Board/McuDriver/m328pb/source/spi.o
 .debug_info    0x00001e16      0x255 plc/Board/McuDriver/m328pb/source/timer.o
 .debug_info    0x0000206b      0x459 plc/Board/McuDriver/m328pb/source/usart.o
 .debug_info    0x000024c4      0x140 plc/Board/McuDriver/m328pb/source/watchdog.o
 .debug_info    0x00002604      0x4be plc/plc.o

.debug_abbrev   0x00000000     0x183c
 *(.debug_abbrev)
 .debug_abbrev  0x00000000      0x86e C:/Program Files (x86)/Atmel/Studio/7.0/Packs/atmel/ATmega_DFP/1.2.209/gcc/dev/atmega328pb/avr5/crtatmega328pb.o
 .debug_abbrev  0x0000086e       0xb0 main.o
 .debug_abbrev  0x0000091e       0xb2 plc/Board/ChipDriver/source/Analog_interface.o
 .debug_abbrev  0x000009d0      0x132 plc/Board/ChipDriver/source/ch340.o
 .debug_abbrev  0x00000b02       0x63 plc/Board/ChipDriver/source/chip_driver.o
 .debug_abbrev  0x00000b65      0x155 plc/Board/ChipDriver/source/input_interface.o
 .debug_abbrev  0x00000cba      0x155 plc/Board/ChipDriver/source/Output_interface.o
 .debug_abbrev  0x00000e0f      0x103 plc/Board/McuDriver/m328pb/source/adc.o
 .debug_abbrev  0x00000f12       0xcc plc/Board/McuDriver/m328pb/source/Driver_m328pb.o
 .debug_abbrev  0x00000fde       0xd4 plc/Board/McuDriver/m328pb/source/i2c.o
 .debug_abbrev  0x000010b2      0x11c plc/Board/McuDriver/m328pb/source/port.o
 .debug_abbrev  0x000011ce       0xdd plc/Board/McuDriver/m328pb/source/spi.o
 .debug_abbrev  0x000012ab       0xd4 plc/Board/McuDriver/m328pb/source/timer.o
 .debug_abbrev  0x0000137f      0x22f plc/Board/McuDriver/m328pb/source/usart.o
 .debug_abbrev  0x000015ae       0xc3 plc/Board/McuDriver/m328pb/source/watchdog.o
 .debug_abbrev  0x00001671      0x1cb plc/plc.o

.debug_line     0x00000000     0x1e33
 *(.debug_line .debug_line.* .debug_line_end)
 .debug_line    0x00000000      0x1a5 C:/Program Files (x86)/Atmel/Studio/7.0/Packs/atmel/ATmega_DFP/1.2.209/gcc/dev/atmega328pb/avr5/crtatmega328pb.o
 .debug_line    0x000001a5      0x119 main.o
 .debug_line    0x000002be      0x112 plc/Board/ChipDriver/source/Analog_interface.o
 .debug_line    0x000003d0      0x181 plc/Board/ChipDriver/source/ch340.o
 .debug_line    0x00000551       0xde plc/Board/ChipDriver/source/chip_driver.o
 .debug_line    0x0000062f      0x245 plc/Board/ChipDriver/source/input_interface.o
 .debug_line    0x00000874      0x1f1 plc/Board/ChipDriver/source/Output_interface.o
 .debug_line    0x00000a65      0x182 plc/Board/McuDriver/m328pb/source/adc.o
 .debug_line    0x00000be7      0x120 plc/Board/McuDriver/m328pb/source/Driver_m328pb.o
 .debug_line    0x00000d07      0x1eb plc/Board/McuDriver/m328pb/source/i2c.o
 .debug_line    0x00000ef2      0x224 plc/Board/McuDriver/m328pb/source/port.o
 .debug_line    0x00001116      0x19a plc/Board/McuDriver/m328pb/source/spi.o
 .debug_line    0x000012b0      0x2fe plc/Board/McuDriver/m328pb/source/timer.o
 .debug_line    0x000015ae      0x353 plc/Board/McuDriver/m328pb/source/usart.o
 .debug_line    0x00001901      0x1c5 plc/Board/McuDriver/m328pb/source/watchdog.o
 .debug_line    0x00001ac6      0x36d plc/plc.o

.debug_frame    0x00000000      0x870
 *(.debug_frame)
 .debug_frame   0x00000000       0x24 main.o
 .debug_frame   0x00000024       0x34 plc/Board/ChipDriver/source/Analog_interface.o
 .debug_frame   0x00000058       0x74 plc/Board/ChipDriver/source/ch340.o
 .debug_frame   0x000000cc       0x24 plc/Board/ChipDriver/source/chip_driver.o
 .debug_frame   0x000000f0       0x58 plc/Board/ChipDriver/source/input_interface.o
 .debug_frame   0x00000148       0x44 plc/Board/ChipDriver/source/Output_interface.o
 .debug_frame   0x0000018c       0x68 plc/Board/McuDriver/m328pb/source/adc.o
 .debug_frame   0x000001f4       0x34 plc/Board/McuDriver/m328pb/source/Driver_m328pb.o
 .debug_frame   0x00000228       0x8c plc/Board/McuDriver/m328pb/source/i2c.o
 .debug_frame   0x000002b4       0x74 plc/Board/McuDriver/m328pb/source/port.o
 .debug_frame   0x00000328       0x58 plc/Board/McuDriver/m328pb/source/spi.o
 .debug_frame   0x00000380      0x1ec plc/Board/McuDriver/m328pb/source/timer.o
 .debug_frame   0x0000056c      0x184 plc/Board/McuDriver/m328pb/source/usart.o
 .debug_frame   0x000006f0       0x8c plc/Board/McuDriver/m328pb/source/watchdog.o
 .debug_frame   0x0000077c       0xf4 plc/plc.o

.debug_str      0x00000000      0xee3
 *(.debug_str)
 .debug_str     0x00000000      0x318 C:/Program Files (x86)/Atmel/Studio/7.0/Packs/atmel/ATmega_DFP/1.2.209/gcc/dev/atmega328pb/avr5/crtatmega328pb.o
 .debug_str     0x00000318      0x1a1 main.o
                                0x1da (size before relaxing)
 .debug_str     0x000004b9       0xc2 plc/Board/ChipDriver/source/Analog_interface.o
                                0x1e9 (size before relaxing)
 .debug_str     0x0000057b      0x1a0 plc/Board/ChipDriver/source/ch340.o
                                0x2f9 (size before relaxing)
 .debug_str     0x0000071b       0x69 plc/Board/ChipDriver/source/chip_driver.o
                                0x1d3 (size before relaxing)
 .debug_str     0x00000784      0x11a plc/Board/ChipDriver/source/input_interface.o
                                0x294 (size before relaxing)
 .debug_str     0x0000089e       0x70 plc/Board/ChipDriver/source/Output_interface.o
                                0x29a (size before relaxing)
 .debug_str     0x0000090e       0x64 plc/Board/McuDriver/m328pb/source/adc.o
                                0x1f8 (size before relaxing)
 .debug_str     0x00000972       0xf7 plc/Board/McuDriver/m328pb/source/Driver_m328pb.o
                                0x246 (size before relaxing)
 .debug_str     0x00000a69       0x8a plc/Board/McuDriver/m328pb/source/i2c.o
                                0x1fc (size before relaxing)
 .debug_str     0x00000af3       0x60 plc/Board/McuDriver/m328pb/source/port.o
                                0x28b (size before relaxing)
 .debug_str     0x00000b53       0x50 plc/Board/McuDriver/m328pb/source/spi.o
                                0x1f3 (size before relaxing)
 .debug_str     0x00000ba3      0x114 plc/Board/McuDriver/m328pb/source/timer.o
                                0x280 (size before relaxing)
 .debug_str     0x00000cb7       0x98 plc/Board/McuDriver/m328pb/source/usart.o
                                0x333 (size before relaxing)
 .debug_str     0x00000d4f       0xa4 plc/Board/McuDriver/m328pb/source/watchdog.o
                                0x204 (size before relaxing)
 .debug_str     0x00000df3       0xf0 plc/plc.o
                                0x37c (size before relaxing)

.debug_loc      0x00000000     0x1a19
 *(.debug_loc)
 .debug_loc     0x00000000       0x21 plc/Board/ChipDriver/source/Analog_interface.o
 .debug_loc     0x00000021      0x12b plc/Board/ChipDriver/source/ch340.o
 .debug_loc     0x0000014c      0x146 plc/Board/ChipDriver/source/input_interface.o
 .debug_loc     0x00000292      0x1b3 plc/Board/ChipDriver/source/Output_interface.o
 .debug_loc     0x00000445      0x192 plc/Board/McuDriver/m328pb/source/adc.o
 .debug_loc     0x000005d7       0x48 plc/Board/McuDriver/m328pb/source/Driver_m328pb.o
 .debug_loc     0x0000061f       0xf7 plc/Board/McuDriver/m328pb/source/i2c.o
 .debug_loc     0x00000716      0x1c5 plc/Board/McuDriver/m328pb/source/port.o
 .debug_loc     0x000008db      0x120 plc/Board/McuDriver/m328pb/source/spi.o
 .debug_loc     0x000009fb      0x4ca plc/Board/McuDriver/m328pb/source/timer.o
 .debug_loc     0x00000ec5      0x554 plc/Board/McuDriver/m328pb/source/usart.o
 .debug_loc     0x00001419      0x247 plc/Board/McuDriver/m328pb/source/watchdog.o
 .debug_loc     0x00001660      0x3b9 plc/plc.o

.debug_macinfo
 *(.debug_macinfo)

.debug_weaknames
 *(.debug_weaknames)

.debug_funcnames
 *(.debug_funcnames)

.debug_typenames
 *(.debug_typenames)

.debug_varnames
 *(.debug_varnames)

.debug_pubtypes
 *(.debug_pubtypes)

.debug_ranges   0x00000000      0x270
 *(.debug_ranges)
 .debug_ranges  0x00000000       0x10 main.o
 .debug_ranges  0x00000010       0x18 plc/Board/ChipDriver/source/Analog_interface.o
 .debug_ranges  0x00000028       0x30 plc/Board/ChipDriver/source/ch340.o
 .debug_ranges  0x00000058       0x10 plc/Board/ChipDriver/source/chip_driver.o
 .debug_ranges  0x00000068       0x18 plc/Board/ChipDriver/source/input_interface.o
 .debug_ranges  0x00000080       0x18 plc/Board/ChipDriver/source/Output_interface.o
 .debug_ranges  0x00000098       0x28 plc/Board/McuDriver/m328pb/source/adc.o
 .debug_ranges  0x000000c0       0x10 plc/Board/McuDriver/m328pb/source/Driver_m328pb.o
 .debug_ranges  0x000000d0       0x40 plc/Board/McuDriver/m328pb/source/i2c.o
 .debug_ranges  0x00000110       0x38 plc/Board/McuDriver/m328pb/source/port.o
 .debug_ranges  0x00000148       0x20 plc/Board/McuDriver/m328pb/source/spi.o
 .debug_ranges  0x00000168       0x40 plc/Board/McuDriver/m328pb/source/timer.o
 .debug_ranges  0x000001a8       0x50 plc/Board/McuDriver/m328pb/source/usart.o
 .debug_ranges  0x000001f8       0x20 plc/Board/McuDriver/m328pb/source/watchdog.o
 .debug_ranges  0x00000218       0x58 plc/plc.o

.debug_macro
 *(.debug_macro)
OUTPUT(Firmware_PlcMini.elf elf32-avr)
LOAD linker stubs
